// Jest Snapshot v1, https://goo.gl/fbAQLP

exports[`<BaseInput /> should render without props 1`] = `
<ForwardRef(BaseInput)>
  <input
    className="reset base-input"
    onInput={[Function]}
  />
</ForwardRef(BaseInput)>
`;
