// Jest Snapshot v1, https://goo.gl/fbAQLP

exports[`<Gallery /> should render with items and controls 1`] = `
<withGlobalListeners(Gallery)
  controlContainer={
    Object {
      "$$typeof": Symbol(react.forward_ref),
      "displayName": "Button",
      "propTypes": Object {
        "appearance": [Function],
        "children": [Function],
        "className": [Function],
        "color": [Function],
        "href": [Function],
        "isDisabled": [Function],
        "isFocused": [Function],
        "onClick": [Function],
        "onMouseEnter": [Function],
        "onMouseLeave": [Function],
        "shape": [Function],
        "withShadow": [Function],
      },
      "render": [Function],
    }
  }
  getItemProps={[Function]}
  items={
    Array [
      "test 1",
      "test 2",
      "test 3",
      "test 4",
      "test 5",
    ]
  }
  needShowControls="always"
>
  <Gallery
    addGlobalListener={[Function]}
    controlContainer={
      Object {
        "$$typeof": Symbol(react.forward_ref),
        "displayName": "Button",
        "propTypes": Object {
          "appearance": [Function],
          "children": [Function],
          "className": [Function],
          "color": [Function],
          "href": [Function],
          "isDisabled": [Function],
          "isFocused": [Function],
          "onClick": [Function],
          "onMouseEnter": [Function],
          "onMouseLeave": [Function],
          "shape": [Function],
          "withShadow": [Function],
        },
        "render": [Function],
      }
    }
    getItemProps={[Function]}
    items={
      Array [
        "test 1",
        "test 2",
        "test 3",
        "test 4",
        "test 5",
      ]
    }
    needShowControls="always"
  >
    <Button
      onClick={[Function]}
    >
      <button
        className="button button-pill button-clean"
        disabled={false}
        onClick={[Function]}
      />
    </Button>
    <div
      className="items-wrapper"
    >
      <div
        className="items-container"
        style={
          Object {
            "transform": "translateX(0px)",
            "transition": "all .3s ease 0s",
          }
        }
      >
        <div
          key="0"
        >
          <img
            alt="test 1"
            src="test 1"
          />
        </div>
        <div
          key="1"
        >
          <img
            alt="test 2"
            src="test 2"
          />
        </div>
        <div
          key="2"
        >
          <img
            alt="test 3"
            src="test 3"
          />
        </div>
        <div
          key="3"
        >
          <img
            alt="test 4"
            src="test 4"
          />
        </div>
        <div
          key="4"
        >
          <img
            alt="test 5"
            src="test 5"
          />
        </div>
      </div>
    </div>
    <Button
      onClick={[Function]}
    >
      <button
        className="button button-pill button-clean"
        disabled={false}
        onClick={[Function]}
      />
    </Button>
  </Gallery>
</withGlobalListeners(Gallery)>
`;

exports[`<Gallery /> should render without props 1`] = `
<withGlobalListeners(Gallery)>
  <Gallery
    addGlobalListener={[Function]}
  >
    <div
      className="items-wrapper"
    >
      <div
        className="items-container"
        style={
          Object {
            "transform": "translateX(0px)",
            "transition": "all .3s ease 0s",
          }
        }
      />
    </div>
  </Gallery>
</withGlobalListeners(Gallery)>
`;
