// Jest Snapshot v1, https://goo.gl/fbAQLP

exports[`<WithHint /> should renders correctly 1`] = `
<WithHint
  hint="Hello, world"
>
  <div
    data-testid="test-opener"
    onMouseEnter={[Function]}
    onMouseLeave={[Function]}
  >
    Opener
  </div>
</WithHint>
`;

exports[`<WithHint /> should renders correctly 2`] = `
<WithHint
  hint="Hello, world"
>
  <div
    data-testid="test-opener"
    onMouseEnter={[Function]}
    onMouseLeave={[Function]}
  >
    Opener
  </div>
  <Portal>
    <Portal
      containerInfo={
        <div>
          <div
            class="root hint top"
            data-testid="hint"
            style="z-index: 1; left: 0px; top: -4px;"
          >
            <div
              class="body shadow-z4"
            >
              Hello, world
            </div>
          </div>
        </div>
      }
    >
      <PositioningHint
        direction="top"
        openerRef={
          {
            "current": <div
              data-testid="test-opener"
            >
              Opener
            </div>,
          }
        }
      >
        <ForwardRef
          className="hint hidden"
          direction="top"
          style={
            {
              "zIndex": 1,
            }
          }
        >
          <div
            className="root hint hidden top"
            data-testid="hint"
            style={
              {
                "zIndex": 1,
              }
            }
          >
            <div
              className="body shadow-z4"
            >
              Hello, world
            </div>
          </div>
        </ForwardRef>
      </PositioningHint>
    </Portal>
  </Portal>
</WithHint>
`;

exports[`<WithHint /> should renders correctly 3`] = `
<WithHint
  hint="Hello, world"
>
  <div
    data-testid="test-opener"
    onMouseEnter={[Function]}
    onMouseLeave={[Function]}
  >
    Opener
  </div>
</WithHint>
`;
