// Jest Snapshot v1, https://goo.gl/fbAQLP

exports[`NoIndex should renders correctly 1`] = `
<NoIndex>
  <NoIndexMark>
    <span
      dangerouslySetInnerHTML={
        Object {
          "__html": "<!--noindex-->",
        }
      }
    />
  </NoIndexMark>
  test
  <p>
    test2
  </p>
  <NoIndexMark
    closing={true}
  >
    <span
      dangerouslySetInnerHTML={
        Object {
          "__html": "<!--/noindex-->",
        }
      }
    />
  </NoIndexMark>
</NoIndex>
`;
