// Jest Snapshot v1, https://goo.gl/fbAQLP

exports[`<GridLayout /> should renders correctly with props 1`] = `
<div
  className="grid-layout-wrapper layout-xxl-padding-sm layout-xl-padding-sm layout-lg-padding-sm layout-md-padding-lg layout-sm-padding-sm layout-xs-padding-sm layout-xxs-padding-md layout-xxxs-padding-sm"
>
  <section
    className="grid-layout layout-xxl-width-xl layout-xl-width-lg layout-lg-width-md layout-md-width-md layout-sm-width-sm layout-xs-width-xs layout-xxs-width-xs layout-xxxs-width-xs section-class"
    name="some-name"
  >
    <div
      className="test"
    >
      some content
    </div>
  </section>
</div>
`;

exports[`<GridLayout /> should renders correctly without props 1`] = `
<div
  className="grid-layout-wrapper layout-xxl-padding-sm layout-xl-padding-sm layout-lg-padding-sm layout-md-padding-lg layout-sm-padding-sm layout-xs-padding-sm layout-xxs-padding-md layout-xxxs-padding-sm"
>
  <div
    className="grid-layout layout-xxl-width-xl layout-xl-width-lg layout-lg-width-md layout-md-width-md layout-sm-width-sm layout-xs-width-xs layout-xxs-width-xs layout-xxxs-width-xs"
  >
    <div
      className="test-content"
    >
      123
    </div>
  </div>
</div>
`;
