// Jest Snapshot v1, https://goo.gl/fbAQLP

exports[`<NoIndex should renders correctly 1`] = `
<Index>
  <span
    dangerouslySetInnerHTML={
      Object {
        "__html": "<!--noindex-->",
      }
    }
  />
  test
  <p>
    test2
  </p>
  <span
    dangerouslySetInnerHTML={
      Object {
        "__html": "<!--/noindex-->",
      }
    }
  />
</Index>
`;
