// Jest Snapshot v1, https://goo.gl/fbAQLP

exports[`GridLayout, GridRow, GridCol renders correctly 1`] = `
<GridLayout>
  <div
    className="layout-wrapper layout-xxl-padding-sm layout-xl-padding-sm layout-lg-padding-sm layout-md-padding-lg layout-sm-padding-sm layout-xs-padding-sm layout-xxs-padding-md layout-xxxs-padding-sm"
  >
    <div
      className="layout layout-xxl-width-xl layout-xl-width-lg layout-lg-width-md layout-md-width-md layout-sm-width-sm layout-xs-width-xs layout-xxs-width-xs layout-xxxs-width-xs"
    >
      <GridRow>
        <GridEntity
          createClasses={[Function]}
        >
          <div
            className="row items-stretch justify-start with-gutters row-lg-columns-count-12 row-md-columns-count-8 row-lg-columns-gutters-lg row-md-columns-gutters-md row-sm-columns-gutters-sm"
          >
            <GridCol
              desktop={3}
            >
              <GridEntity
                createClasses={[Function]}
                desktop={3}
              >
                <div
                  className="col col-lg-width-3 col-md-width-auto"
                >
                  column 1
                </div>
              </GridEntity>
            </GridCol>
            <GridCol
              desktop={5}
            >
              <GridEntity
                createClasses={[Function]}
                desktop={5}
              >
                <div
                  className="col col-lg-width-5 col-md-width-auto"
                >
                  column 2
                </div>
              </GridEntity>
            </GridCol>
          </div>
        </GridEntity>
      </GridRow>
      <GridRow>
        <GridEntity
          createClasses={[Function]}
        >
          <div
            className="row items-stretch justify-start with-gutters row-lg-columns-count-12 row-md-columns-count-8 row-lg-columns-gutters-lg row-md-columns-gutters-md row-sm-columns-gutters-sm"
          >
            <GridCol
              desktop={5}
            >
              <GridEntity
                createClasses={[Function]}
                desktop={5}
              >
                <div
                  className="col col-lg-width-5 col-md-width-auto"
                >
                  column 3
                </div>
              </GridEntity>
            </GridCol>
          </div>
        </GridEntity>
      </GridRow>
    </div>
  </div>
</GridLayout>
`;
